
Memory Configuration

Name             Origin             Length             Attributes
flash            0x08000000         0x00020000         xr
sram             0x20000000         0x00005000         xrw
*default*        0x00000000         0xffffffff

Linker script and memory map


.text           0x08000000      0x128
 *(.vectors*)
 .vectors       0x08000000       0x20 startup.o
                0x08000000                vectors
 *(.text*)
 .text          0x08000020       0xac main.o
                0x08000020                main
 .text          0x080000cc       0x54 startup.o
                0x080000cc                Reset_handler
                0x080000d8                NMI_handler
                0x080000e4                Hard_fault_handler
                0x080000f0                MMF_handler
                0x080000fc                Bus_Fault_handler
                0x08000108                Usage_Fault_handler
                0x08000114                Reserved1
 *(.rodata)
 .rodata        0x08000120        0x8 main.o
                0x08000120                arr2

.glue_7         0x08000128        0x0
 .glue_7        0x00000000        0x0 linker stubs

.glue_7t        0x08000128        0x0
 .glue_7t       0x00000000        0x0 linker stubs

.vfp11_veneer   0x08000128        0x0
 .vfp11_veneer  0x00000000        0x0 linker stubs

.v4_bx          0x08000128        0x0
 .v4_bx         0x00000000        0x0 linker stubs

.iplt           0x08000128        0x0
 .iplt          0x00000000        0x0 main.o

.rel.dyn        0x08000128        0x0
 .rel.iplt      0x00000000        0x0 main.o

.data           0x08000128        0x8
 *(.data)
 .data          0x08000128        0x8 main.o
                0x08000128                arr1
 .data          0x08000130        0x0 startup.o

.igot.plt       0x08000130        0x0
 .igot.plt      0x00000000        0x0 main.o

.bss            0x20000000        0x0
 *(.bss)
 .bss           0x20000000        0x0 main.o
 .bss           0x20000000        0x0 startup.o
LOAD main.o
LOAD startup.o
OUTPUT(learn-in-depth-cortex-m3.elf elf32-littlearm)

.debug_info     0x00000000      0x23d
 .debug_info    0x00000000      0x103 main.o
 .debug_info    0x00000103      0x13a startup.o

.debug_abbrev   0x00000000      0x103
 .debug_abbrev  0x00000000       0x9c main.o
 .debug_abbrev  0x0000009c       0x67 startup.o

.debug_loc      0x00000000      0x16c
 .debug_loc     0x00000000       0x38 main.o
 .debug_loc     0x00000038      0x134 startup.o

.debug_aranges  0x00000000       0x40
 .debug_aranges
                0x00000000       0x20 main.o
 .debug_aranges
                0x00000020       0x20 startup.o

.debug_line     0x00000000       0xc9
 .debug_line    0x00000000       0x6a main.o
 .debug_line    0x0000006a       0x5f startup.o

.debug_str      0x00000000      0x147
 .debug_str     0x00000000       0xc5 main.o
                                 0xec (size before relaxing)
 .debug_str     0x000000c5       0x82 startup.o
                                0x148 (size before relaxing)

.comment        0x00000000       0x11
 .comment       0x00000000       0x11 main.o
                                 0x12 (size before relaxing)
 .comment       0x00000000       0x12 startup.o

.ARM.attributes
                0x00000000       0x33
 .ARM.attributes
                0x00000000       0x33 main.o
 .ARM.attributes
                0x00000033       0x33 startup.o

.debug_frame    0x00000000      0x100
 .debug_frame   0x00000000       0x2c main.o
 .debug_frame   0x0000002c       0xd4 startup.o
