
Allocating common symbols
Common symbol       size              file

AL_state_id         0x1               AL.o
SYS_state_id        0x1               main.o
MEM_state_id        0x1               main.o
AL_state            0x4               AL.o
MEM_state           0x4               MEM.o
PS_state            0x4               PS.o
dataLog             0x320             main.o
PS_state_id         0x1               main.o
SYS_state           0x4               SYS.o

Memory Configuration

Name             Origin             Length             Attributes
flash            0x08000000         0x00020000         xr
sram             0x20000000         0x00005000         xrw
*default*        0x00000000         0xffffffff

Linker script and memory map


.text           0x08000000      0x468
 *(.vectors*)
 .vectors       0x08000000       0x20 startup.o
                0x08000000                vectors
 *(.text*)
 .text          0x08000020       0x30 AL.o
                0x08000020                ST_AL_waiting
                0x08000038                ST_AL_working
 .text          0x08000050      0x10c driver.o
                0x08000050                Delay
                0x08000074                getPressureVal
                0x0800008c                Set_Alarm_actuator
                0x080000dc                GPIO_INITIALIZATION
 .text          0x0800015c       0x74 main.o
                0x0800015c                main
 .text          0x080001d0       0x74 MEM.o
                0x080001d0                Store_Pressure_Value
                0x080001e4                Print_Stored_Values
                0x08000214                ST_MEM_waiting
                0x0800022c                ST_MEM_storing
 .text          0x08000244       0x8c PS.o
                0x08000244                PS_init
                0x08000260                ST_PS_waiting
                0x08000298                ST_PS_reading
 .text          0x080002d0       0xc8 startup.o
                0x080002d0                NMI_handler
                0x080002d0                Reserved1
                0x080002d0                Hard_fault_handler
                0x080002d0                Default_handler
                0x080002d0                MMF_handler
                0x080002d0                Usage_Fault_handler
                0x080002d0                Bus_Fault_handler
                0x080002dc                Reset_handler
 .text          0x08000398       0xd0 SYS.o
                0x08000398                ST_SYS_waiting
                0x080003c4                ST_SYS_algorithm
 *(.rodata)
                0x08000468                _E_text = .

.glue_7         0x08000468        0x0
 .glue_7        0x00000000        0x0 linker stubs

.glue_7t        0x08000468        0x0
 .glue_7t       0x00000000        0x0 linker stubs

.vfp11_veneer   0x08000468        0x0
 .vfp11_veneer  0x00000000        0x0 linker stubs

.v4_bx          0x08000468        0x0
 .v4_bx         0x00000000        0x0 linker stubs

.iplt           0x08000468        0x0
 .iplt          0x00000000        0x0 AL.o

.rel.dyn        0x08000468        0x0
 .rel.iplt      0x00000000        0x0 AL.o

.data           0x20000000        0xc load address 0x08000468
                0x20000000                _S_data = .
 *(.data)
 .data          0x20000000        0x0 AL.o
 .data          0x20000000        0x0 driver.o
 .data          0x20000000        0x0 main.o
 .data          0x20000000        0x0 MEM.o
 .data          0x20000000        0x4 PS.o
                0x20000000                ReadTimer
 .data          0x20000004        0x0 startup.o
 .data          0x20000004        0x8 SYS.o
                0x20000004                P_Threshold
                0x20000008                LedTimer
                0x2000000c                _E_data = .

.igot.plt       0x2000000c        0x0 load address 0x08000474
 .igot.plt      0x00000000        0x0 AL.o

.bss            0x2000000c     0x1348 load address 0x08000474
                0x2000000c                _S_bss = .
 *(.bss*)
 .bss           0x2000000c        0x0 AL.o
 .bss           0x2000000c        0x0 driver.o
 .bss           0x2000000c        0x0 main.o
 .bss           0x2000000c        0x4 MEM.o
                0x2000000c                currentIndex
 .bss           0x20000010        0x4 PS.o
                0x20000010                Pval
 .bss           0x20000014        0x0 startup.o
 .bss           0x20000014        0x4 SYS.o
                0x20000014                alarm_triggered
                0x20000018                . = ALIGN (0x4)
                0x20000018                _E_bss = .
                0x20000018                . = ALIGN (0x4)
                0x20001018                . = (. + 0x1000)
 *fill*         0x20000018     0x1000 
                0x20001018                _stack_top = .
 COMMON         0x20001018        0x8 AL.o
                0x20001018                AL_state_id
                0x2000101c                AL_state
 COMMON         0x20001020      0x325 main.o
                0x20001020                SYS_state_id
                0x20001021                MEM_state_id
                0x20001024                dataLog
                0x20001344                PS_state_id
 *fill*         0x20001345        0x3 
 COMMON         0x20001348        0x4 MEM.o
                0x20001348                MEM_state
 COMMON         0x2000134c        0x4 PS.o
                0x2000134c                PS_state
 COMMON         0x20001350        0x4 SYS.o
                0x20001350                SYS_state
LOAD AL.o
LOAD driver.o
LOAD main.o
LOAD MEM.o
LOAD PS.o
LOAD startup.o
LOAD SYS.o
OUTPUT(Pressure-Alert.elf elf32-littlearm)

.debug_info     0x00000000      0x9c1
 .debug_info    0x00000000       0xea AL.o
 .debug_info    0x000000ea      0x103 driver.o
 .debug_info    0x000001ed      0x1cd main.o
 .debug_info    0x000003ba      0x1a8 MEM.o
 .debug_info    0x00000562      0x14b PS.o
 .debug_info    0x000006ad      0x186 startup.o
 .debug_info    0x00000833      0x18e SYS.o

.debug_abbrev   0x00000000      0x546
 .debug_abbrev  0x00000000       0x7c AL.o
 .debug_abbrev  0x0000007c       0x9d driver.o
 .debug_abbrev  0x00000119       0xca main.o
 .debug_abbrev  0x000001e3      0x11d MEM.o
 .debug_abbrev  0x00000300       0xa5 PS.o
 .debug_abbrev  0x000003a5       0xc4 startup.o
 .debug_abbrev  0x00000469       0xdd SYS.o

.debug_loc      0x00000000      0x354
 .debug_loc     0x00000000       0x58 AL.o
 .debug_loc     0x00000058       0xc8 driver.o
 .debug_loc     0x00000120       0x2c main.o
 .debug_loc     0x0000014c       0xc8 MEM.o
 .debug_loc     0x00000214       0x84 PS.o
 .debug_loc     0x00000298       0x64 startup.o
 .debug_loc     0x000002fc       0x58 SYS.o

.debug_aranges  0x00000000       0xe0
 .debug_aranges
                0x00000000       0x20 AL.o
 .debug_aranges
                0x00000020       0x20 driver.o
 .debug_aranges
                0x00000040       0x20 main.o
 .debug_aranges
                0x00000060       0x20 MEM.o
 .debug_aranges
                0x00000080       0x20 PS.o
 .debug_aranges
                0x000000a0       0x20 startup.o
 .debug_aranges
                0x000000c0       0x20 SYS.o

.debug_line     0x00000000      0x34b
 .debug_line    0x00000000       0x41 AL.o
 .debug_line    0x00000041       0x9a driver.o
 .debug_line    0x000000db       0xbf main.o
 .debug_line    0x0000019a       0x9e MEM.o
 .debug_line    0x00000238       0x48 PS.o
 .debug_line    0x00000280       0x7d startup.o
 .debug_line    0x000002fd       0x4e SYS.o

.debug_str      0x00000000      0x31c
 .debug_str     0x00000000       0xcb AL.o
                                0x11a (size before relaxing)
 .debug_str     0x000000cb       0x55 driver.o
                                0x123 (size before relaxing)
 .debug_str     0x00000120       0x7e main.o
                                0x1bf (size before relaxing)
 .debug_str     0x0000019e       0x5f MEM.o
                                0x18b (size before relaxing)
 .debug_str     0x000001fd       0x33 PS.o
                                0x146 (size before relaxing)
 .debug_str     0x00000230       0xa1 startup.o
                                0x15d (size before relaxing)
 .debug_str     0x000002d1       0x4b SYS.o
                                0x17d (size before relaxing)

.comment        0x00000000       0x11
 .comment       0x00000000       0x11 AL.o
                                 0x12 (size before relaxing)
 .comment       0x00000000       0x12 driver.o
 .comment       0x00000000       0x12 main.o
 .comment       0x00000000       0x12 MEM.o
 .comment       0x00000000       0x12 PS.o
 .comment       0x00000000       0x12 startup.o
 .comment       0x00000000       0x12 SYS.o

.ARM.attributes
                0x00000000       0x33
 .ARM.attributes
                0x00000000       0x33 AL.o
 .ARM.attributes
                0x00000033       0x33 driver.o
 .ARM.attributes
                0x00000066       0x33 main.o
 .ARM.attributes
                0x00000099       0x33 MEM.o
 .ARM.attributes
                0x000000cc       0x33 PS.o
 .ARM.attributes
                0x000000ff       0x33 startup.o
 .ARM.attributes
                0x00000132       0x33 SYS.o

.debug_frame    0x00000000      0x250
 .debug_frame   0x00000000       0x40 AL.o
 .debug_frame   0x00000040       0x78 driver.o
 .debug_frame   0x000000b8       0x2c main.o
 .debug_frame   0x000000e4       0x7c MEM.o
 .debug_frame   0x00000160       0x60 PS.o
 .debug_frame   0x000001c0       0x4c startup.o
 .debug_frame   0x0000020c       0x44 SYS.o
