
Memory Configuration

Name             Origin             Length             Attributes
flash            0x00000000         0x00020000         xr
sram             0x20000000         0x00005000         xrw
*default*        0x00000000         0xffffffff

Linker script and memory map


.text           0x00000000      0x1a4
 *(.vectors*)
 .vectors       0x00000000       0x10 startup.o
                0x00000000                g_p_fn_Vectors
 *(.text*)
 .text          0x00000010       0xcc main.o
                0x00000010                main
 .text          0x000000dc       0xc8 startup.o
                0x000000dc                Hard_fault_handler
                0x000000dc                Default_handler
                0x000000dc                NMI_handler
                0x000000e8                Reset_handler
 *(.rodata)
                0x000001a4                _E_text = .

.glue_7         0x000001a4        0x0
 .glue_7        0x00000000        0x0 linker stubs

.glue_7t        0x000001a4        0x0
 .glue_7t       0x00000000        0x0 linker stubs

.vfp11_veneer   0x000001a4        0x0
 .vfp11_veneer  0x00000000        0x0 linker stubs

.v4_bx          0x000001a4        0x0
 .v4_bx         0x00000000        0x0 linker stubs

.iplt           0x000001a4        0x0
 .iplt          0x00000000        0x0 main.o

.rel.dyn        0x000001a4        0x0
 .rel.iplt      0x00000000        0x0 main.o

.data           0x20000000        0x0 load address 0x000001a4
                0x20000000                _S_data = .
 *(.data)
 .data          0x20000000        0x0 main.o
 .data          0x20000000        0x0 startup.o
                0x20000000                . = ALIGN (0x4)
                0x20000000                _E_data = .

.igot.plt       0x20000000        0x0 load address 0x000001a4
 .igot.plt      0x00000000        0x0 main.o

.bss            0x20000000      0x400 load address 0x000001a4
                0x20000000                _S_bss = .
 *(.bss*)
 .bss           0x20000000        0x0 main.o
 .bss           0x20000000      0x400 startup.o
                0x20000400                . = ALIGN (0x4)
                0x20000400                _E_bss = .
LOAD main.o
LOAD startup.o
OUTPUT(learn-in-depth-cortex-m4.elf elf32-littlearm)

.debug_info     0x00000000      0x270
 .debug_info    0x00000000       0xc4 main.o
 .debug_info    0x000000c4      0x1ac startup.o

.debug_abbrev   0x00000000      0x149
 .debug_abbrev  0x00000000       0x72 main.o
 .debug_abbrev  0x00000072       0xd7 startup.o

.debug_loc      0x00000000       0x9c
 .debug_loc     0x00000000       0x38 main.o
 .debug_loc     0x00000038       0x64 startup.o

.debug_aranges  0x00000000       0x40
 .debug_aranges
                0x00000000       0x20 main.o
 .debug_aranges
                0x00000020       0x20 startup.o

.debug_line     0x00000000       0xf2
 .debug_line    0x00000000       0x77 main.o
 .debug_line    0x00000077       0x7b startup.o

.debug_str      0x00000000      0x14f
 .debug_str     0x00000000       0xac main.o
                                 0xd3 (size before relaxing)
 .debug_str     0x000000ac       0xa3 startup.o
                                0x160 (size before relaxing)

.comment        0x00000000       0x11
 .comment       0x00000000       0x11 main.o
                                 0x12 (size before relaxing)
 .comment       0x00000000       0x12 startup.o

.ARM.attributes
                0x00000000       0x33
 .ARM.attributes
                0x00000000       0x33 main.o
 .ARM.attributes
                0x00000033       0x33 startup.o

.debug_frame    0x00000000       0x78
 .debug_frame   0x00000000       0x2c main.o
 .debug_frame   0x0000002c       0x4c startup.o
